direction test
ABC 0:0 0:2
AEI 0:0 2:2
BEH 0:1 2:1
FH 1:2 2:1
IHG 2:2 2:0
EA 1:1 0:0
ADG 0:0 2:0
HEB 2:1 0:1
GEC 2:0 0:2

given test
HELLO 0:0 4:4
GOOD 4:0 4:3
BYE 1:3 1:1

white space test
HEL LO 0:0 4:4
GOOD 4:0 4:3
BYE 1:3 1:1

rectangular grid test
HEEL 0:0 3:3
GOODNIGHT 4:0 4:8
BYE 1:3 1:1

single letter word test
HEEL 0:0 3:3
Z 2:3 2:3
GOODNIGHT 4:0 4:8
BYE 1:3 1:1
